[36mvite v8.0.2 [32mbuilding client environment for production...[36m[39m
[2K
transforming...Γ£ô 413 modules transformed.
node.exe : 
[31mΓ£ù[39m Build 
failed in 437ms
At line:1 char:1
+ & "C:\Program 
Files\nodejs/node.exe" 
"C:\Program 
Files\nodejs/node_mo 
...
+ ~~~~~~~~~~~~~~~~~~~~~
~~~~~~~~~~~~~~~~~~~~~~~
~~~~~~~~~~~~~~~~~~~~~~~
~~
    + CategoryInfo     
         : NotSpecifi  
  ed: ([31mΓ£ù[39m   
  Build failed in 4    
37ms:String) [], R    
emoteException
    + FullyQualifiedEr 
   rorId : NativeComm  
  andError
 
[31merror during 
build:
[31mBuild failed with 
1 error:

[plugin vite:css] 
C:/Users/dhanush Katrag
adda/OneDrive/Desktop/m
rduapp/src/index.css:un
defined:NaN
Error: [postcss] It 
looks like you're 
trying to use 
`tailwindcss` directly 
as a PostCSS plugin. 
The PostCSS plugin has 
moved to a separate 
package, so to 
continue using 
Tailwind CSS with 
PostCSS you'll need to 
install 
`@tailwindcss/postcss` 
and update your 
PostCSS configuration.
    at at 
(C:\Users\dhanush Katra
gadda\OneDrive\Desktop\
mrduapp\node_modules\ta
ilwindcss\dist\lib.js:3
8:1643)
    at 
LazyResult.runOnRoot 
(C:\Users\dhanush Katra
gadda\OneDrive\Desktop\
mrduapp\node_modules\po
stcss\lib\lazy-result.j
s:361:16)
    at 
LazyResult.runAsync 
(C:\Users\dhanush Katra
gadda\OneDrive\Desktop\
mrduapp\node_modules\po
stcss\lib\lazy-result.j
s:290:26)
    at 
LazyResult.async 
(C:\Users\dhanush Katra
gadda\OneDrive\Desktop\
mrduapp\node_modules\po
stcss\lib\lazy-result.j
s:192:30)
    at LazyResult.then 
(C:\Users\dhanush Katra
gadda\OneDrive\Desktop\
mrduapp\node_modules\po
stcss\lib\lazy-result.j
s:436:17)[31m
    at aggregateBinding
ErrorsIntoJsError (file
:///C:/Users/dhanush%20
Katragadda/OneDrive/Des
ktop/mrduapp/node_modul
es/rolldown/dist/shared
/error-D8cGyrC7.mjs:48:
18)
    at 
unwrapBindingResult (fi
le:///C:/Users/dhanush%
20Katragadda/OneDrive/D
esktop/mrduapp/node_mod
ules/rolldown/dist/shar
ed/error-D8cGyrC7.mjs:1
8:128)
    at #build (file:///
C:/Users/dhanush%20Katr
agadda/OneDrive/Desktop
/mrduapp/node_modules/r
olldown/dist/shared/rol
ldown-build-CL9PyQ2E.mj
s:3313:34)
    at async 
buildEnvironment (file:
///C:/Users/dhanush%20K
atragadda/OneDrive/Desk
top/mrduapp/node_module
s/vite/dist/node/chunks
/node.js:32829:64)
    at async 
Object.build (file:///C
:/Users/dhanush%20Katra
gadda/OneDrive/Desktop/
mrduapp/node_modules/vi
te/dist/node/chunks/nod
e.js:33251:19)
    at async 
Object.buildApp (file:/
//C:/Users/dhanush%20Ka
tragadda/OneDrive/Deskt
op/mrduapp/node_modules
/vite/dist/node/chunks/
node.js:33248:153)
    at async 
CAC.<anonymous> (file:/
//C:/Users/dhanush%20Ka
tragadda/OneDrive/Deskt
op/mrduapp/node_modules
/vite/dist/node/cli.js:
778:3) {
  errors: 
[Getter/Setter]
}[39m
